// Jest Snapshot v1, https://goo.gl/fbAQLP

exports[`<SubmitButton /> renders to its snapshot 1`] = `
<button
  type="submit"
/>
`;
